// Vitest Snapshot v1, https://vitest.dev/guide/snapshot.html

exports[`createFormGroup > should render correctly 1`] = `
"<div data-v-32725ee6=\\"\\" class=\\"MomFormGroup MomFormGroup--size-small\\" fieldid=\\"id1\\">
  <div data-v-32725ee6=\\"\\" class=\\"MomFormGroup__Header\\">
    <momformlabel data-v-32725ee6=\\"\\" type=\\"label\\" text=\\"This is a label\\" size=\\"s\\" id-for-input=\\"mom-component--0\\" optional=\\"false\\" show-bullet=\\"false\\"></momformlabel>
    <!---->
  </div>
  <div data-v-32725ee6=\\"\\" class=\\"MomFormGroup__Input\\">
    <div></div>
  </div>
  <transition-stub data-v-32725ee6=\\"\\" name=\\"mom-transition-fade\\" appear=\\"false\\" persisted=\\"false\\" css=\\"true\\">
    <!---->
  </transition-stub>
</div>"
`;
